../Core/Src/main.c:91:5:__io_putchar	1
../Core/Src/main.c:98:5:fonction	2
../Core/Src/main.c:111:5:addition	2
../Core/Src/main.c:128:6:task_shell	1
../Core/Src/main.c:144:6:HAL_UART_RxCpltCallback	2
../Core/Src/main.c:153:6:task_led	3
../Core/Src/main.c:185:5:led	4
../Core/Src/main.c:214:6:task_spam	3
../Core/Src/main.c:233:5:spam	4
../Core/Src/main.c:302:5:stats	1
../Core/Src/main.c:320:5:adxl_test	3
../Core/Src/main.c:338:12:adxl_read4	5
../Core/Src/main.c:413:5:main	6
../Core/Src/main.c:530:6:SystemClock_Config	3
../Core/Src/main.c:573:6:vApplicationMallocFailedHook	1
../Core/Src/main.c:580:6:vApplicationStackOverflowHook	1
../Core/Src/main.c:596:6:configureTimerForRunTimeStats	1
../Core/Src/main.c:601:15:getRunTimeCounterValue	1
../Core/Src/main.c:618:6:HAL_TIM_PeriodElapsedCallback	2
../Core/Src/main.c:636:6:Error_Handler	1
