../Utils/Src/functions.c:39:6:checkMPU9250_ID	32	static
../Utils/Src/functions.c:77:6:InitSensors	128	static
../Utils/Src/functions.c:139:8:TempMeasureMsg	56	static
../Utils/Src/functions.c:169:8:ReadAccelSensitivity	40	static
../Utils/Src/functions.c:210:6:AccMeasureMsg	104	static
../Utils/Src/functions.c:237:6:TestAccelSensZ	240	static
../Utils/Src/functions.c:298:8:ReadGyroSensitivity	40	static
../Utils/Src/functions.c:325:6:GyroMeasureMsg	80	static
../Utils/Src/functions.c:354:6:GyrNoise	120	static
../Utils/Src/functions.c:395:6:TestGyroNoise	200	static
../Utils/Src/functions.c:423:6:SetGyroBandwidth	40	static
../Utils/Src/functions.c:438:8:ReadMagSensitivity	24	static
../Utils/Src/functions.c:461:6:MagMeasureMsg	232	static
../Utils/Src/functions.c:550:6:Average	32	static
../Utils/Src/functions.c:570:6:Variance	32	static
../Utils/Src/functions.c:597:6:ReadGyro	64	static
../Utils/Src/functions.c:624:6:GyrCalib	240	dynamic
../Utils/Src/functions.c:671:6:ReadOffsetGyro	208	static
../Utils/Src/functions.c:717:6:ReadMag	88	static
../Utils/Src/functions.c:787:6:MagAcquireSamples	64	static
../Utils/Src/functions.c:813:6:MagComputeOffsets	40	static
../Utils/Src/functions.c:834:6:MagPrintOffsets	168	static
../Utils/Src/functions.c:849:6:MagCalibLite	128	dynamic
../Utils/Src/functions.c:869:6:MagCalib	136	static
../Utils/Src/functions.c:924:6:MagMeasureMsgCalib	112	static
