../Utils/Src/functions.c:39:6:checkMPU9250_ID	32	static
../Utils/Src/functions.c:75:6:InitSensors	128	static
../Utils/Src/functions.c:137:8:TempMeasureMsg	56	static
../Utils/Src/functions.c:167:8:ReadAccelSensitivity	40	static
../Utils/Src/functions.c:208:6:AccMeasureMsg	104	static
../Utils/Src/functions.c:235:6:TestAccelSensZ	240	static
../Utils/Src/functions.c:296:8:ReadGyroSensitivity	40	static
../Utils/Src/functions.c:323:6:GyroMeasureMsg	80	static
../Utils/Src/functions.c:352:6:GyrNoise	120	static
../Utils/Src/functions.c:393:6:TestGyroNoise	200	static
../Utils/Src/functions.c:421:6:SetGyroBandwidth	40	static
../Utils/Src/functions.c:436:8:ReadMagSensitivity	24	static
../Utils/Src/functions.c:459:6:MagMeasureMsg	232	static
../Utils/Src/functions.c:548:6:Average	32	static
../Utils/Src/functions.c:568:6:Variance	32	static
../Utils/Src/functions.c:595:6:ReadGyro	64	static
../Utils/Src/functions.c:622:6:GyrCalib	240	dynamic
../Utils/Src/functions.c:669:6:ReadOffsetGyro	208	static
../Utils/Src/functions.c:715:6:ReadMag	88	static
../Utils/Src/functions.c:785:6:MagAcquireSamples	64	static
../Utils/Src/functions.c:811:6:MagComputeOffsets	40	static
../Utils/Src/functions.c:832:6:MagPrintOffsets	168	static
../Utils/Src/functions.c:847:6:MagCalibLite	128	dynamic
../Utils/Src/functions.c:867:6:MagCalib	136	static
../Utils/Src/functions.c:921:6:MagMeasureMsgCalib	112	static
