../Core/Src/main.c:91:5:__io_putchar	16	static
../Core/Src/main.c:98:5:fonction	24	static
../Core/Src/main.c:111:5:addition	32	static
../Core/Src/main.c:128:6:task_shell	16	static
../Core/Src/main.c:144:6:HAL_UART_RxCpltCallback	16	static
../Core/Src/main.c:153:6:task_led	24	static
../Core/Src/main.c:185:5:led	24	static
../Core/Src/main.c:214:6:task_spam	64	static
../Core/Src/main.c:233:5:spam	56	static
../Core/Src/main.c:302:5:stats	16	static
../Core/Src/main.c:320:5:adxl_test	32	static
../Core/Src/main.c:338:12:adxl_read4	112	static
../Core/Src/main.c:413:5:main	16	static
../Core/Src/main.c:530:6:SystemClock_Config	88	static
../Core/Src/main.c:573:6:vApplicationMallocFailedHook	16	static,ignoring_inline_asm
../Core/Src/main.c:580:6:vApplicationStackOverflowHook	24	static,ignoring_inline_asm
../Core/Src/main.c:596:6:configureTimerForRunTimeStats	8	static
../Core/Src/main.c:601:15:getRunTimeCounterValue	4	static
../Core/Src/main.c:618:6:HAL_TIM_PeriodElapsedCallback	16	static
../Core/Src/main.c:636:6:Error_Handler	4	static,ignoring_inline_asm
