\BOOKMARK [0][-]{chapter.1}{\376\377\0001\000\040\000T\000o\000p\000i\000c\000\040\000I\000n\000d\000e\000x}{}% 1
\BOOKMARK [1][-]{section.1.1}{\376\377\0001\000.\0001\000\040\000T\000o\000p\000i\000c\000s}{chapter.1}% 2
\BOOKMARK [0][-]{chapter.2}{\376\377\0002\000\040\000C\000l\000a\000s\000s\000\040\000I\000n\000d\000e\000x}{}% 3
\BOOKMARK [1][-]{section.2.1}{\376\377\0002\000.\0001\000\040\000C\000l\000a\000s\000s\000\040\000L\000i\000s\000t}{chapter.2}% 4
\BOOKMARK [0][-]{chapter.3}{\376\377\0003\000\040\000F\000i\000l\000e\000\040\000I\000n\000d\000e\000x}{}% 5
\BOOKMARK [1][-]{section.3.1}{\376\377\0003\000.\0001\000\040\000F\000i\000l\000e\000\040\000L\000i\000s\000t}{chapter.3}% 6
\BOOKMARK [0][-]{chapter.4}{\376\377\0004\000\040\000T\000o\000p\000i\000c\000\040\000D\000o\000c\000u\000m\000e\000n\000t\000a\000t\000i\000o\000n}{}% 7
\BOOKMARK [1][-]{section.4.1}{\376\377\0004\000.\0001\000\040\000C\000M\000S\000I\000S\000\040}{chapter.4}% 8
\BOOKMARK [2][-]{subsection.4.1.1}{\376\377\0004\000.\0001\000.\0001\000\040\000D\000e\000t\000a\000i\000l\000e\000d\000\040\000D\000e\000s\000c\000r\000i\000p\000t\000i\000o\000n}{section.4.1}% 9
\BOOKMARK [2][-]{subsection.4.1.2}{\376\377\0004\000.\0001\000.\0002\000\040\000S\000t\000m\0003\0002\000g\0004\000x\000x\000\137\000s\000y\000s\000t\000e\000m\000\040}{section.4.1}% 10
\BOOKMARK [3][-]{subsubsection.4.1.2.1}{\376\377\0004\000.\0001\000.\0002\000.\0001\000\040\000D\000e\000t\000a\000i\000l\000e\000d\000\040\000D\000e\000s\000c\000r\000i\000p\000t\000i\000o\000n}{subsection.4.1.2}% 11
\BOOKMARK [3][-]{subsubsection.4.1.2.2}{\376\377\0004\000.\0001\000.\0002\000.\0002\000\040\000S\000T\000M\0003\0002\000G\0004\000x\000x\000\137\000S\000y\000s\000t\000e\000m\000\137\000P\000r\000i\000v\000a\000t\000e\000\137\000I\000n\000c\000l\000u\000d\000e\000s\000\040}{subsection.4.1.2}% 12
\BOOKMARK [3][-]{subsubsection.4.1.2.3}{\376\377\0004\000.\0001\000.\0002\000.\0003\000\040\000S\000T\000M\0003\0002\000G\0004\000x\000x\000\137\000S\000y\000s\000t\000e\000m\000\137\000P\000r\000i\000v\000a\000t\000e\000\137\000T\000y\000p\000e\000s\000D\000e\000f\000i\000n\000i\000t\000i\000o\000n\000s\000\040}{subsection.4.1.2}% 13
\BOOKMARK [3][-]{subsubsection.4.1.2.4}{\376\377\0004\000.\0001\000.\0002\000.\0004\000\040\000S\000T\000M\0003\0002\000G\0004\000x\000x\000\137\000S\000y\000s\000t\000e\000m\000\137\000P\000r\000i\000v\000a\000t\000e\000\137\000D\000e\000f\000i\000n\000e\000s\000\040}{subsection.4.1.2}% 14
\BOOKMARK [3][-]{subsubsection.4.1.2.5}{\376\377\0004\000.\0001\000.\0002\000.\0005\000\040\000S\000T\000M\0003\0002\000G\0004\000x\000x\000\137\000S\000y\000s\000t\000e\000m\000\137\000P\000r\000i\000v\000a\000t\000e\000\137\000M\000a\000c\000r\000o\000s\000\040}{subsection.4.1.2}% 15
\BOOKMARK [3][-]{subsubsection.4.1.2.6}{\376\377\0004\000.\0001\000.\0002\000.\0006\000\040\000S\000T\000M\0003\0002\000G\0004\000x\000x\000\137\000S\000y\000s\000t\000e\000m\000\137\000P\000r\000i\000v\000a\000t\000e\000\137\000V\000a\000r\000i\000a\000b\000l\000e\000s\000\040}{subsection.4.1.2}% 16
\BOOKMARK [3][-]{subsubsection.4.1.2.7}{\376\377\0004\000.\0001\000.\0002\000.\0007\000\040\000S\000T\000M\0003\0002\000G\0004\000x\000x\000\137\000S\000y\000s\000t\000e\000m\000\137\000P\000r\000i\000v\000a\000t\000e\000\137\000F\000u\000n\000c\000t\000i\000o\000n\000P\000r\000o\000t\000o\000t\000y\000p\000e\000s\000\040}{subsection.4.1.2}% 17
\BOOKMARK [3][-]{subsubsection.4.1.2.8}{\376\377\0004\000.\0001\000.\0002\000.\0008\000\040\000S\000T\000M\0003\0002\000G\0004\000x\000x\000\137\000S\000y\000s\000t\000e\000m\000\137\000P\000r\000i\000v\000a\000t\000e\000\137\000F\000u\000n\000c\000t\000i\000o\000n\000s\000\040}{subsection.4.1.2}% 18
\BOOKMARK [0][-]{chapter.5}{\376\377\0005\000\040\000C\000l\000a\000s\000s\000\040\000D\000o\000c\000u\000m\000e\000n\000t\000a\000t\000i\000o\000n}{}% 19
\BOOKMARK [1][-]{section.5.1}{\376\377\0005\000.\0001\000\040\000C\000o\000m\000p\000a\000s\000s\000C\000a\000l\000i\000b\000\137\000t\000\040\000S\000t\000r\000u\000c\000t\000\040\000R\000e\000f\000e\000r\000e\000n\000c\000e}{chapter.5}% 20
\BOOKMARK [0][-]{chapter.6}{\376\377\0006\000\040\000F\000i\000l\000e\000\040\000D\000o\000c\000u\000m\000e\000n\000t\000a\000t\000i\000o\000n}{}% 21
\BOOKMARK [1][-]{section.6.1}{\376\377\0006\000.\0001\000\040\000C\000o\000r\000e\000/\000I\000n\000c\000/\000m\000a\000i\000n\000.\000h\000\040\000F\000i\000l\000e\000\040\000R\000e\000f\000e\000r\000e\000n\000c\000e}{chapter.6}% 22
\BOOKMARK [2][-]{subsection.6.1.1}{\376\377\0006\000.\0001\000.\0001\000\040\000D\000e\000t\000a\000i\000l\000e\000d\000\040\000D\000e\000s\000c\000r\000i\000p\000t\000i\000o\000n}{section.6.1}% 23
\BOOKMARK [2][-]{subsection.6.1.2}{\376\377\0006\000.\0001\000.\0002\000\040\000F\000u\000n\000c\000t\000i\000o\000n\000\040\000D\000o\000c\000u\000m\000e\000n\000t\000a\000t\000i\000o\000n}{section.6.1}% 24
\BOOKMARK [3][-]{subsubsection.6.1.2.1}{\376\377\0006\000.\0001\000.\0002\000.\0001\000\040\000E\000r\000r\000o\000r\000\137\000H\000a\000n\000d\000l\000e\000r\000\050\000\051}{subsection.6.1.2}% 25
\BOOKMARK [1][-]{section.6.2}{\376\377\0006\000.\0002\000\040\000m\000a\000i\000n\000.\000h}{chapter.6}% 26
\BOOKMARK [1][-]{section.6.3}{\376\377\0006\000.\0003\000\040\000C\000o\000r\000e\000/\000I\000n\000c\000/\000s\000t\000m\0003\0002\000g\0004\000x\000x\000\137\000h\000a\000l\000\137\000c\000o\000n\000f\000.\000h\000\040\000F\000i\000l\000e\000\040\000R\000e\000f\000e\000r\000e\000n\000c\000e}{chapter.6}% 27
\BOOKMARK [2][-]{subsection.6.3.1}{\376\377\0006\000.\0003\000.\0001\000\040\000D\000e\000t\000a\000i\000l\000e\000d\000\040\000D\000e\000s\000c\000r\000i\000p\000t\000i\000o\000n}{section.6.3}% 28
\BOOKMARK [2][-]{subsection.6.3.2}{\376\377\0006\000.\0003\000.\0002\000\040\000M\000a\000c\000r\000o\000\040\000D\000e\000f\000i\000n\000i\000t\000i\000o\000n\000\040\000D\000o\000c\000u\000m\000e\000n\000t\000a\000t\000i\000o\000n}{section.6.3}% 29
\BOOKMARK [3][-]{subsubsection.6.3.2.1}{\376\377\0006\000.\0003\000.\0002\000.\0001\000\040\000a\000s\000s\000e\000r\000t\000\137\000p\000a\000r\000a\000m}{subsection.6.3.2}% 30
\BOOKMARK [3][-]{subsubsection.6.3.2.2}{\376\377\0006\000.\0003\000.\0002\000.\0002\000\040\000E\000X\000T\000E\000R\000N\000A\000L\000\137\000C\000L\000O\000C\000K\000\137\000V\000A\000L\000U\000E}{subsection.6.3.2}% 31
\BOOKMARK [3][-]{subsubsection.6.3.2.3}{\376\377\0006\000.\0003\000.\0002\000.\0003\000\040\000H\000S\000E\000\137\000S\000T\000A\000R\000T\000U\000P\000\137\000T\000I\000M\000E\000O\000U\000T}{subsection.6.3.2}% 32
\BOOKMARK [3][-]{subsubsection.6.3.2.4}{\376\377\0006\000.\0003\000.\0002\000.\0004\000\040\000H\000S\000E\000\137\000V\000A\000L\000U\000E}{subsection.6.3.2}% 33
\BOOKMARK [3][-]{subsubsection.6.3.2.5}{\376\377\0006\000.\0003\000.\0002\000.\0005\000\040\000H\000S\000I\0004\0008\000\137\000V\000A\000L\000U\000E}{subsection.6.3.2}% 34
\BOOKMARK [3][-]{subsubsection.6.3.2.6}{\376\377\0006\000.\0003\000.\0002\000.\0006\000\040\000H\000S\000I\000\137\000V\000A\000L\000U\000E}{subsection.6.3.2}% 35
\BOOKMARK [3][-]{subsubsection.6.3.2.7}{\376\377\0006\000.\0003\000.\0002\000.\0007\000\040\000L\000S\000E\000\137\000S\000T\000A\000R\000T\000U\000P\000\137\000T\000I\000M\000E\000O\000U\000T}{subsection.6.3.2}% 36
\BOOKMARK [3][-]{subsubsection.6.3.2.8}{\376\377\0006\000.\0003\000.\0002\000.\0008\000\040\000L\000S\000E\000\137\000V\000A\000L\000U\000E}{subsection.6.3.2}% 37
\BOOKMARK [3][-]{subsubsection.6.3.2.9}{\376\377\0006\000.\0003\000.\0002\000.\0009\000\040\000L\000S\000I\000\137\000V\000A\000L\000U\000E}{subsection.6.3.2}% 38
\BOOKMARK [3][-]{subsubsection.6.3.2.10}{\376\377\0006\000.\0003\000.\0002\000.\0001\0000\000\040\000T\000I\000C\000K\000\137\000I\000N\000T\000\137\000P\000R\000I\000O\000R\000I\000T\000Y}{subsection.6.3.2}% 39
\BOOKMARK [3][-]{subsubsection.6.3.2.11}{\376\377\0006\000.\0003\000.\0002\000.\0001\0001\000\040\000V\000D\000D\000\137\000V\000A\000L\000U\000E}{subsection.6.3.2}% 40
\BOOKMARK [1][-]{section.6.4}{\376\377\0006\000.\0004\000\040\000s\000t\000m\0003\0002\000g\0004\000x\000x\000\137\000h\000a\000l\000\137\000c\000o\000n\000f\000.\000h}{chapter.6}% 41
\BOOKMARK [1][-]{section.6.5}{\376\377\0006\000.\0005\000\040\000C\000o\000r\000e\000/\000I\000n\000c\000/\000s\000t\000m\0003\0002\000g\0004\000x\000x\000\137\000i\000t\000.\000h\000\040\000F\000i\000l\000e\000\040\000R\000e\000f\000e\000r\000e\000n\000c\000e}{chapter.6}% 42
\BOOKMARK [2][-]{subsection.6.5.1}{\376\377\0006\000.\0005\000.\0001\000\040\000D\000e\000t\000a\000i\000l\000e\000d\000\040\000D\000e\000s\000c\000r\000i\000p\000t\000i\000o\000n}{section.6.5}% 43
\BOOKMARK [1][-]{section.6.6}{\376\377\0006\000.\0006\000\040\000s\000t\000m\0003\0002\000g\0004\000x\000x\000\137\000i\000t\000.\000h}{chapter.6}% 44
\BOOKMARK [1][-]{section.6.7}{\376\377\0006\000.\0007\000\040\000C\000o\000r\000e\000/\000S\000r\000c\000/\000m\000a\000i\000n\000.\000c\000\040\000F\000i\000l\000e\000\040\000R\000e\000f\000e\000r\000e\000n\000c\000e}{chapter.6}% 45
\BOOKMARK [2][-]{subsection.6.7.1}{\376\377\0006\000.\0007\000.\0001\000\040\000D\000e\000t\000a\000i\000l\000e\000d\000\040\000D\000e\000s\000c\000r\000i\000p\000t\000i\000o\000n}{section.6.7}% 46
\BOOKMARK [2][-]{subsection.6.7.2}{\376\377\0006\000.\0007\000.\0002\000\040\000F\000u\000n\000c\000t\000i\000o\000n\000\040\000D\000o\000c\000u\000m\000e\000n\000t\000a\000t\000i\000o\000n}{section.6.7}% 47
\BOOKMARK [3][-]{subsubsection.6.7.2.1}{\376\377\0006\000.\0007\000.\0002\000.\0001\000\040\000E\000r\000r\000o\000r\000\137\000H\000a\000n\000d\000l\000e\000r\000\050\000\051}{subsection.6.7.2}% 48
\BOOKMARK [3][-]{subsubsection.6.7.2.2}{\376\377\0006\000.\0007\000.\0002\000.\0002\000\040\000m\000a\000i\000n\000\050\000\051}{subsection.6.7.2}% 49
\BOOKMARK [3][-]{subsubsection.6.7.2.3}{\376\377\0006\000.\0007\000.\0002\000.\0003\000\040\000M\000X\000\137\000G\000P\000I\000O\000\137\000I\000n\000i\000t\000\050\000\051}{subsection.6.7.2}% 50
\BOOKMARK [3][-]{subsubsection.6.7.2.4}{\376\377\0006\000.\0007\000.\0002\000.\0004\000\040\000M\000X\000\137\000I\0002\000C\0001\000\137\000I\000n\000i\000t\000\050\000\051}{subsection.6.7.2}% 51
\BOOKMARK [3][-]{subsubsection.6.7.2.5}{\376\377\0006\000.\0007\000.\0002\000.\0005\000\040\000M\000X\000\137\000L\000P\000U\000A\000R\000T\0001\000\137\000U\000A\000R\000T\000\137\000I\000n\000i\000t\000\050\000\051}{subsection.6.7.2}% 52
\BOOKMARK [3][-]{subsubsection.6.7.2.6}{\376\377\0006\000.\0007\000.\0002\000.\0006\000\040\000M\000X\000\137\000T\000I\000M\0002\000\137\000I\000n\000i\000t\000\050\000\051}{subsection.6.7.2}% 53
\BOOKMARK [3][-]{subsubsection.6.7.2.7}{\376\377\0006\000.\0007\000.\0002\000.\0007\000\040\000S\000y\000s\000t\000e\000m\000C\000l\000o\000c\000k\000\137\000C\000o\000n\000f\000i\000g\000\050\000\051}{subsection.6.7.2}% 54
\BOOKMARK [1][-]{section.6.8}{\376\377\0006\000.\0008\000\040\000C\000o\000r\000e\000/\000S\000r\000c\000/\000s\000t\000m\0003\0002\000g\0004\000x\000x\000\137\000h\000a\000l\000\137\000m\000s\000p\000.\000c\000\040\000F\000i\000l\000e\000\040\000R\000e\000f\000e\000r\000e\000n\000c\000e}{chapter.6}% 55
\BOOKMARK [2][-]{subsection.6.8.1}{\376\377\0006\000.\0008\000.\0001\000\040\000D\000e\000t\000a\000i\000l\000e\000d\000\040\000D\000e\000s\000c\000r\000i\000p\000t\000i\000o\000n}{section.6.8}% 56
\BOOKMARK [2][-]{subsection.6.8.2}{\376\377\0006\000.\0008\000.\0002\000\040\000F\000u\000n\000c\000t\000i\000o\000n\000\040\000D\000o\000c\000u\000m\000e\000n\000t\000a\000t\000i\000o\000n}{section.6.8}% 57
\BOOKMARK [3][-]{subsubsection.6.8.2.1}{\376\377\0006\000.\0008\000.\0002\000.\0001\000\040\000H\000A\000L\000\137\000I\0002\000C\000\137\000M\000s\000p\000D\000e\000I\000n\000i\000t\000\050\000\051}{subsection.6.8.2}% 58
\BOOKMARK [3][-]{subsubsection.6.8.2.2}{\376\377\0006\000.\0008\000.\0002\000.\0002\000\040\000H\000A\000L\000\137\000I\0002\000C\000\137\000M\000s\000p\000I\000n\000i\000t\000\050\000\051}{subsection.6.8.2}% 59
\BOOKMARK [3][-]{subsubsection.6.8.2.3}{\376\377\0006\000.\0008\000.\0002\000.\0003\000\040\000H\000A\000L\000\137\000M\000s\000p\000I\000n\000i\000t\000\050\000\051}{subsection.6.8.2}% 60
\BOOKMARK [3][-]{subsubsection.6.8.2.4}{\376\377\0006\000.\0008\000.\0002\000.\0004\000\040\000H\000A\000L\000\137\000T\000I\000M\000\137\000B\000a\000s\000e\000\137\000M\000s\000p\000D\000e\000I\000n\000i\000t\000\050\000\051}{subsection.6.8.2}% 61
\BOOKMARK [3][-]{subsubsection.6.8.2.5}{\376\377\0006\000.\0008\000.\0002\000.\0005\000\040\000H\000A\000L\000\137\000T\000I\000M\000\137\000B\000a\000s\000e\000\137\000M\000s\000p\000I\000n\000i\000t\000\050\000\051}{subsection.6.8.2}% 62
\BOOKMARK [3][-]{subsubsection.6.8.2.6}{\376\377\0006\000.\0008\000.\0002\000.\0006\000\040\000H\000A\000L\000\137\000U\000A\000R\000T\000\137\000M\000s\000p\000D\000e\000I\000n\000i\000t\000\050\000\051}{subsection.6.8.2}% 63
\BOOKMARK [3][-]{subsubsection.6.8.2.7}{\376\377\0006\000.\0008\000.\0002\000.\0007\000\040\000H\000A\000L\000\137\000U\000A\000R\000T\000\137\000M\000s\000p\000I\000n\000i\000t\000\050\000\051}{subsection.6.8.2}% 64
\BOOKMARK [1][-]{section.6.9}{\376\377\0006\000.\0009\000\040\000C\000o\000r\000e\000/\000S\000r\000c\000/\000s\000t\000m\0003\0002\000g\0004\000x\000x\000\137\000i\000t\000.\000c\000\040\000F\000i\000l\000e\000\040\000R\000e\000f\000e\000r\000e\000n\000c\000e}{chapter.6}% 65
\BOOKMARK [2][-]{subsection.6.9.1}{\376\377\0006\000.\0009\000.\0001\000\040\000D\000e\000t\000a\000i\000l\000e\000d\000\040\000D\000e\000s\000c\000r\000i\000p\000t\000i\000o\000n}{section.6.9}% 66
\BOOKMARK [1][-]{section.6.10}{\376\377\0006\000.\0001\0000\000\040\000C\000o\000r\000e\000/\000S\000r\000c\000/\000s\000y\000s\000c\000a\000l\000l\000s\000.\000c\000\040\000F\000i\000l\000e\000\040\000R\000e\000f\000e\000r\000e\000n\000c\000e}{chapter.6}% 67
\BOOKMARK [2][-]{subsection.6.10.1}{\376\377\0006\000.\0001\0000\000.\0001\000\040\000D\000e\000t\000a\000i\000l\000e\000d\000\040\000D\000e\000s\000c\000r\000i\000p\000t\000i\000o\000n}{section.6.10}% 68
\BOOKMARK [1][-]{section.6.11}{\376\377\0006\000.\0001\0001\000\040\000C\000o\000r\000e\000/\000S\000r\000c\000/\000s\000y\000s\000m\000e\000m\000.\000c\000\040\000F\000i\000l\000e\000\040\000R\000e\000f\000e\000r\000e\000n\000c\000e}{chapter.6}% 69
\BOOKMARK [2][-]{subsection.6.11.1}{\376\377\0006\000.\0001\0001\000.\0001\000\040\000D\000e\000t\000a\000i\000l\000e\000d\000\040\000D\000e\000s\000c\000r\000i\000p\000t\000i\000o\000n}{section.6.11}% 70
\BOOKMARK [2][-]{subsection.6.11.2}{\376\377\0006\000.\0001\0001\000.\0002\000\040\000F\000u\000n\000c\000t\000i\000o\000n\000\040\000D\000o\000c\000u\000m\000e\000n\000t\000a\000t\000i\000o\000n}{section.6.11}% 71
\BOOKMARK [3][-]{subsubsection.6.11.2.1}{\376\377\0006\000.\0001\0001\000.\0002\000.\0001\000\040\000\137\000s\000b\000r\000k\000\050\000\051}{subsection.6.11.2}% 72
\BOOKMARK [2][-]{subsection.6.11.3}{\376\377\0006\000.\0001\0001\000.\0003\000\040\000V\000a\000r\000i\000a\000b\000l\000e\000\040\000D\000o\000c\000u\000m\000e\000n\000t\000a\000t\000i\000o\000n}{section.6.11}% 73
\BOOKMARK [3][-]{subsubsection.6.11.3.1}{\376\377\0006\000.\0001\0001\000.\0003\000.\0001\000\040\000\137\000\137\000s\000b\000r\000k\000\137\000h\000e\000a\000p\000\137\000e\000n\000d}{subsection.6.11.3}% 74
\BOOKMARK [1][-]{section.6.12}{\376\377\0006\000.\0001\0002\000\040\000C\000o\000r\000e\000/\000S\000r\000c\000/\000s\000y\000s\000t\000e\000m\000\137\000s\000t\000m\0003\0002\000g\0004\000x\000x\000.\000c\000\040\000F\000i\000l\000e\000\040\000R\000e\000f\000e\000r\000e\000n\000c\000e}{chapter.6}% 75
\BOOKMARK [2][-]{subsection.6.12.1}{\376\377\0006\000.\0001\0002\000.\0001\000\040\000D\000e\000t\000a\000i\000l\000e\000d\000\040\000D\000e\000s\000c\000r\000i\000p\000t\000i\000o\000n}{section.6.12}% 76
\BOOKMARK [2][-]{subsection.6.12.2}{\376\377\0006\000.\0001\0002\000.\0002\000\040\000T\000h\000i\000s\000\040\000f\000i\000l\000e\000\040\000c\000o\000n\000f\000i\000g\000u\000r\000e\000s\000\040\000t\000h\000e\000\040\000s\000y\000s\000t\000e\000m\000\040\000c\000l\000o\000c\000k\000\040\000a\000s\000\040\000f\000o\000l\000l\000o\000w\000s\000:}{section.6.12}% 77
\BOOKMARK [3][-]{subsubsection.6.12.2.1}{\376\377\0006\000.\0001\0002\000.\0002\000.\0001\000\040\000S\000y\000s\000t\000e\000m\000\040\000C\000l\000o\000c\000k\000\040\000s\000o\000u\000r\000c\000e\000\040\000|\000\040\000H\000S\000I}{subsection.6.12.2}% 78
\BOOKMARK [3][-]{subsubsection.6.12.2.2}{\376\377\0006\000.\0001\0002\000.\0002\000.\0002\000\040\000S\000Y\000S\000C\000L\000K\000\050\000H\000z\000\051\000\040\000|\000\040\0001\0006\0000\0000\0000\0000\0000\0000}{subsection.6.12.2}% 79
\BOOKMARK [3][-]{subsubsection.6.12.2.3}{\376\377\0006\000.\0001\0002\000.\0002\000.\0003\000\040\000H\000C\000L\000K\000\050\000H\000z\000\051\000\040\000|\000\040\0001\0006\0000\0000\0000\0000\0000\0000}{subsection.6.12.2}% 80
\BOOKMARK [3][-]{subsubsection.6.12.2.4}{\376\377\0006\000.\0001\0002\000.\0002\000.\0004\000\040\000A\000H\000B\000\040\000P\000r\000e\000s\000c\000a\000l\000e\000r\000\040\000|\000\040\0001}{subsection.6.12.2}% 81
\BOOKMARK [3][-]{subsubsection.6.12.2.5}{\376\377\0006\000.\0001\0002\000.\0002\000.\0005\000\040\000A\000P\000B\0001\000\040\000P\000r\000e\000s\000c\000a\000l\000e\000r\000\040\000|\000\040\0001}{subsection.6.12.2}% 82
\BOOKMARK [3][-]{subsubsection.6.12.2.6}{\376\377\0006\000.\0001\0002\000.\0002\000.\0006\000\040\000A\000P\000B\0002\000\040\000P\000r\000e\000s\000c\000a\000l\000e\000r\000\040\000|\000\040\0001}{subsection.6.12.2}% 83
\BOOKMARK [3][-]{subsubsection.6.12.2.7}{\376\377\0006\000.\0001\0002\000.\0002\000.\0007\000\040\000P\000L\000L\000\137\000M\000\040\000|\000\040\0001}{subsection.6.12.2}% 84
\BOOKMARK [3][-]{subsubsection.6.12.2.8}{\376\377\0006\000.\0001\0002\000.\0002\000.\0008\000\040\000P\000L\000L\000\137\000N\000\040\000|\000\040\0001\0006}{subsection.6.12.2}% 85
\BOOKMARK [3][-]{subsubsection.6.12.2.9}{\376\377\0006\000.\0001\0002\000.\0002\000.\0009\000\040\000P\000L\000L\000\137\000P\000\040\000|\000\040\0007}{subsection.6.12.2}% 86
\BOOKMARK [3][-]{subsubsection.6.12.2.10}{\376\377\0006\000.\0001\0002\000.\0002\000.\0001\0000\000\040\000P\000L\000L\000\137\000Q\000\040\000|\000\040\0002}{subsection.6.12.2}% 87
\BOOKMARK [3][-]{subsubsection.6.12.2.11}{\376\377\0006\000.\0001\0002\000.\0002\000.\0001\0001\000\040\000P\000L\000L\000\137\000R\000\040\000|\000\040\0002}{subsection.6.12.2}% 88
\BOOKMARK [3][-]{subsubsection.6.12.2.12}{\376\377\0006\000.\0001\0002\000.\0002\000.\0001\0002\000\040\000R\000e\000q\000u\000i\000r\000e\000\040\0004\0008\000M\000H\000z\000\040\000f\000o\000r\000\040\000R\000N\000G\000\040\000|\000\040\000D\000i\000s\000a\000b\000l\000e\000d}{subsection.6.12.2}% 89
\BOOKMARK [1][-]{section.6.13}{\376\377\0006\000.\0001\0003\000\040\000U\000t\000i\000l\000s\000/\000I\000n\000c\000/\000c\000o\000m\000p\000a\000s\000s\000.\000h\000\040\000F\000i\000l\000e\000\040\000R\000e\000f\000e\000r\000e\000n\000c\000e}{chapter.6}% 90
\BOOKMARK [2][-]{subsection.6.13.1}{\376\377\0006\000.\0001\0003\000.\0001\000\040\000D\000e\000t\000a\000i\000l\000e\000d\000\040\000D\000e\000s\000c\000r\000i\000p\000t\000i\000o\000n}{section.6.13}% 91
\BOOKMARK [2][-]{subsection.6.13.2}{\376\377\0006\000.\0001\0003\000.\0002\000\040\000F\000u\000n\000c\000t\000i\000o\000n\000\040\000D\000o\000c\000u\000m\000e\000n\000t\000a\000t\000i\000o\000n}{section.6.13}% 92
\BOOKMARK [3][-]{subsubsection.6.13.2.1}{\376\377\0006\000.\0001\0003\000.\0002\000.\0001\000\040\000T\000i\000l\000t\000C\000o\000m\000p\000e\000n\000s\000a\000t\000e\000d\000C\000o\000m\000p\000a\000s\000s\000A\000n\000g\000l\000e\000s\000\050\000\051}{subsection.6.13.2}% 93
\BOOKMARK [3][-]{subsubsection.6.13.2.2}{\376\377\0006\000.\0001\0003\000.\0002\000.\0002\000\040\000T\000i\000l\000t\000C\000o\000m\000p\000e\000n\000s\000a\000t\000e\000d\000C\000o\000m\000p\000l\000e\000m\000e\000n\000t\000a\000r\000y\000\050\000\051}{subsection.6.13.2}% 94
\BOOKMARK [1][-]{section.6.14}{\376\377\0006\000.\0001\0004\000\040\000c\000o\000m\000p\000a\000s\000s\000.\000h}{chapter.6}% 95
\BOOKMARK [1][-]{section.6.15}{\376\377\0006\000.\0001\0005\000\040\000U\000t\000i\000l\000s\000/\000I\000n\000c\000/\000f\000u\000n\000c\000t\000i\000o\000n\000s\000.\000h\000\040\000F\000i\000l\000e\000\040\000R\000e\000f\000e\000r\000e\000n\000c\000e}{chapter.6}% 96
\BOOKMARK [2][-]{subsection.6.15.1}{\376\377\0006\000.\0001\0005\000.\0001\000\040\000D\000e\000t\000a\000i\000l\000e\000d\000\040\000D\000e\000s\000c\000r\000i\000p\000t\000i\000o\000n}{section.6.15}% 97
\BOOKMARK [2][-]{subsection.6.15.2}{\376\377\0006\000.\0001\0005\000.\0002\000\040\000F\000u\000n\000c\000t\000i\000o\000n\000\040\000D\000o\000c\000u\000m\000e\000n\000t\000a\000t\000i\000o\000n}{section.6.15}% 98
\BOOKMARK [3][-]{subsubsection.6.15.2.1}{\376\377\0006\000.\0001\0005\000.\0002\000.\0001\000\040\000A\000c\000c\000M\000e\000a\000s\000u\000r\000e\000M\000s\000g\000\050\000\051}{subsection.6.15.2}% 99
\BOOKMARK [3][-]{subsubsection.6.15.2.2}{\376\377\0006\000.\0001\0005\000.\0002\000.\0002\000\040\000A\000v\000e\000r\000a\000g\000e\000\050\000\051}{subsection.6.15.2}% 100
\BOOKMARK [3][-]{subsubsection.6.15.2.3}{\376\377\0006\000.\0001\0005\000.\0002\000.\0003\000\040\000c\000h\000e\000c\000k\000M\000P\000U\0009\0002\0005\0000\000\137\000I\000D\000\050\000\051}{subsection.6.15.2}% 101
\BOOKMARK [3][-]{subsubsection.6.15.2.4}{\376\377\0006\000.\0001\0005\000.\0002\000.\0004\000\040\000G\000y\000r\000C\000a\000l\000i\000b\000\050\000\051}{subsection.6.15.2}% 102
\BOOKMARK [3][-]{subsubsection.6.15.2.5}{\376\377\0006\000.\0001\0005\000.\0002\000.\0005\000\040\000G\000y\000r\000N\000o\000i\000s\000e\000\050\000\051}{subsection.6.15.2}% 103
\BOOKMARK [3][-]{subsubsection.6.15.2.6}{\376\377\0006\000.\0001\0005\000.\0002\000.\0006\000\040\000G\000y\000r\000o\000M\000e\000a\000s\000u\000r\000e\000M\000s\000g\000\050\000\051}{subsection.6.15.2}% 104
\BOOKMARK [3][-]{subsubsection.6.15.2.7}{\376\377\0006\000.\0001\0005\000.\0002\000.\0007\000\040\000I\000n\000i\000t\000S\000e\000n\000s\000o\000r\000s\000\050\000\051}{subsection.6.15.2}% 105
\BOOKMARK [3][-]{subsubsection.6.15.2.8}{\376\377\0006\000.\0001\0005\000.\0002\000.\0008\000\040\000M\000a\000g\000A\000c\000q\000u\000i\000r\000e\000S\000a\000m\000p\000l\000e\000s\000\050\000\051}{subsection.6.15.2}% 106
\BOOKMARK [3][-]{subsubsection.6.15.2.9}{\376\377\0006\000.\0001\0005\000.\0002\000.\0009\000\040\000M\000a\000g\000C\000a\000l\000i\000b\000\050\000\051}{subsection.6.15.2}% 107
\BOOKMARK [3][-]{subsubsection.6.15.2.10}{\376\377\0006\000.\0001\0005\000.\0002\000.\0001\0000\000\040\000M\000a\000g\000C\000a\000l\000i\000b\000L\000i\000t\000e\000\050\000\051}{subsection.6.15.2}% 108
\BOOKMARK [3][-]{subsubsection.6.15.2.11}{\376\377\0006\000.\0001\0005\000.\0002\000.\0001\0001\000\040\000M\000a\000g\000C\000o\000m\000p\000u\000t\000e\000O\000f\000f\000s\000e\000t\000s\000\050\000\051}{subsection.6.15.2}% 109
\BOOKMARK [3][-]{subsubsection.6.15.2.12}{\376\377\0006\000.\0001\0005\000.\0002\000.\0001\0002\000\040\000M\000a\000g\000M\000e\000a\000s\000u\000r\000e\000M\000s\000g\000\050\000\051}{subsection.6.15.2}% 110
\BOOKMARK [3][-]{subsubsection.6.15.2.13}{\376\377\0006\000.\0001\0005\000.\0002\000.\0001\0003\000\040\000M\000a\000g\000M\000e\000a\000s\000u\000r\000e\000M\000s\000g\000C\000a\000l\000i\000b\000\050\000\051}{subsection.6.15.2}% 111
\BOOKMARK [3][-]{subsubsection.6.15.2.14}{\376\377\0006\000.\0001\0005\000.\0002\000.\0001\0004\000\040\000M\000a\000g\000P\000r\000i\000n\000t\000O\000f\000f\000s\000e\000t\000s\000\050\000\051}{subsection.6.15.2}% 112
\BOOKMARK [3][-]{subsubsection.6.15.2.15}{\376\377\0006\000.\0001\0005\000.\0002\000.\0001\0005\000\040\000R\000e\000a\000d\000A\000c\000c\000e\000l\000S\000e\000n\000s\000i\000t\000i\000v\000i\000t\000y\000\050\000\051}{subsection.6.15.2}% 113
\BOOKMARK [3][-]{subsubsection.6.15.2.16}{\376\377\0006\000.\0001\0005\000.\0002\000.\0001\0006\000\040\000R\000e\000a\000d\000G\000y\000r\000o\000\050\000\051}{subsection.6.15.2}% 114
\BOOKMARK [3][-]{subsubsection.6.15.2.17}{\376\377\0006\000.\0001\0005\000.\0002\000.\0001\0007\000\040\000R\000e\000a\000d\000G\000y\000r\000o\000S\000e\000n\000s\000i\000t\000i\000v\000i\000t\000y\000\050\000\051}{subsection.6.15.2}% 115
\BOOKMARK [3][-]{subsubsection.6.15.2.18}{\376\377\0006\000.\0001\0005\000.\0002\000.\0001\0008\000\040\000R\000e\000a\000d\000M\000a\000g\000\050\000\051}{subsection.6.15.2}% 116
\BOOKMARK [3][-]{subsubsection.6.15.2.19}{\376\377\0006\000.\0001\0005\000.\0002\000.\0001\0009\000\040\000R\000e\000a\000d\000M\000a\000g\000S\000e\000n\000s\000i\000t\000i\000v\000i\000t\000y\000\050\000\051}{subsection.6.15.2}% 117
\BOOKMARK [3][-]{subsubsection.6.15.2.20}{\376\377\0006\000.\0001\0005\000.\0002\000.\0002\0000\000\040\000R\000e\000a\000d\000O\000f\000f\000s\000e\000t\000G\000y\000r\000o\000\050\000\051}{subsection.6.15.2}% 118
\BOOKMARK [3][-]{subsubsection.6.15.2.21}{\376\377\0006\000.\0001\0005\000.\0002\000.\0002\0001\000\040\000T\000e\000m\000p\000M\000e\000a\000s\000u\000r\000e\000M\000s\000g\000\050\000\051}{subsection.6.15.2}% 119
\BOOKMARK [3][-]{subsubsection.6.15.2.22}{\376\377\0006\000.\0001\0005\000.\0002\000.\0002\0002\000\040\000T\000e\000s\000t\000A\000c\000c\000e\000l\000S\000e\000n\000s\000Z\000\050\000\051}{subsection.6.15.2}% 120
\BOOKMARK [3][-]{subsubsection.6.15.2.23}{\376\377\0006\000.\0001\0005\000.\0002\000.\0002\0003\000\040\000T\000e\000s\000t\000G\000y\000r\000o\000N\000o\000i\000s\000e\000\050\000\051}{subsection.6.15.2}% 121
\BOOKMARK [3][-]{subsubsection.6.15.2.24}{\376\377\0006\000.\0001\0005\000.\0002\000.\0002\0004\000\040\000V\000a\000r\000i\000a\000n\000c\000e\000\050\000\051}{subsection.6.15.2}% 122
\BOOKMARK [1][-]{section.6.16}{\376\377\0006\000.\0001\0006\000\040\000f\000u\000n\000c\000t\000i\000o\000n\000s\000.\000h}{chapter.6}% 123
\BOOKMARK [1][-]{section.6.17}{\376\377\0006\000.\0001\0007\000\040\000U\000t\000i\000l\000s\000/\000I\000n\000c\000/\000t\000o\000o\000l\000s\000.\000h\000\040\000F\000i\000l\000e\000\040\000R\000e\000f\000e\000r\000e\000n\000c\000e}{chapter.6}% 124
\BOOKMARK [2][-]{subsection.6.17.1}{\376\377\0006\000.\0001\0007\000.\0001\000\040\000D\000e\000t\000a\000i\000l\000e\000d\000\040\000D\000e\000s\000c\000r\000i\000p\000t\000i\000o\000n}{section.6.17}% 125
\BOOKMARK [2][-]{subsection.6.17.2}{\376\377\0006\000.\0001\0007\000.\0002\000\040\000F\000u\000n\000c\000t\000i\000o\000n\000\040\000D\000o\000c\000u\000m\000e\000n\000t\000a\000t\000i\000o\000n}{section.6.17}% 126
\BOOKMARK [3][-]{subsubsection.6.17.2.1}{\376\377\0006\000.\0001\0007\000.\0002\000.\0001\000\040\000t\000e\000s\000t\000\137\000L\000E\000D\000\050\000\051}{subsection.6.17.2}% 127
\BOOKMARK [1][-]{section.6.18}{\376\377\0006\000.\0001\0008\000\040\000t\000o\000o\000l\000s\000.\000h}{chapter.6}% 128
\BOOKMARK [1][-]{section.6.19}{\376\377\0006\000.\0001\0009\000\040\000U\000t\000i\000l\000s\000/\000S\000r\000c\000/\000c\000o\000m\000p\000a\000s\000s\000.\000c\000\040\000F\000i\000l\000e\000\040\000R\000e\000f\000e\000r\000e\000n\000c\000e}{chapter.6}% 129
\BOOKMARK [2][-]{subsection.6.19.1}{\376\377\0006\000.\0001\0009\000.\0001\000\040\000D\000e\000t\000a\000i\000l\000e\000d\000\040\000D\000e\000s\000c\000r\000i\000p\000t\000i\000o\000n}{section.6.19}% 130
\BOOKMARK [2][-]{subsection.6.19.2}{\376\377\0006\000.\0001\0009\000.\0002\000\040\000F\000u\000n\000c\000t\000i\000o\000n\000\040\000D\000o\000c\000u\000m\000e\000n\000t\000a\000t\000i\000o\000n}{section.6.19}% 131
\BOOKMARK [3][-]{subsubsection.6.19.2.1}{\376\377\0006\000.\0001\0009\000.\0002\000.\0001\000\040\000T\000i\000l\000t\000C\000o\000m\000p\000e\000n\000s\000a\000t\000e\000d\000C\000o\000m\000p\000a\000s\000s\000A\000n\000g\000l\000e\000s\000\050\000\051}{subsection.6.19.2}% 132
\BOOKMARK [3][-]{subsubsection.6.19.2.2}{\376\377\0006\000.\0001\0009\000.\0002\000.\0002\000\040\000T\000i\000l\000t\000C\000o\000m\000p\000e\000n\000s\000a\000t\000e\000d\000C\000o\000m\000p\000l\000e\000m\000e\000n\000t\000a\000r\000y\000\050\000\051}{subsection.6.19.2}% 133
\BOOKMARK [1][-]{section.6.20}{\376\377\0006\000.\0002\0000\000\040\000U\000t\000i\000l\000s\000/\000S\000r\000c\000/\000f\000u\000n\000c\000t\000i\000o\000n\000s\000.\000c\000\040\000F\000i\000l\000e\000\040\000R\000e\000f\000e\000r\000e\000n\000c\000e}{chapter.6}% 134
\BOOKMARK [2][-]{subsection.6.20.1}{\376\377\0006\000.\0002\0000\000.\0001\000\040\000D\000e\000t\000a\000i\000l\000e\000d\000\040\000D\000e\000s\000c\000r\000i\000p\000t\000i\000o\000n}{section.6.20}% 135
\BOOKMARK [2][-]{subsection.6.20.2}{\376\377\0006\000.\0002\0000\000.\0002\000\040\000F\000u\000n\000c\000t\000i\000o\000n\000\040\000D\000o\000c\000u\000m\000e\000n\000t\000a\000t\000i\000o\000n}{section.6.20}% 136
\BOOKMARK [3][-]{subsubsection.6.20.2.1}{\376\377\0006\000.\0002\0000\000.\0002\000.\0001\000\040\000A\000c\000c\000M\000e\000a\000s\000u\000r\000e\000M\000s\000g\000\050\000\051}{subsection.6.20.2}% 137
\BOOKMARK [3][-]{subsubsection.6.20.2.2}{\376\377\0006\000.\0002\0000\000.\0002\000.\0002\000\040\000A\000v\000e\000r\000a\000g\000e\000\050\000\051}{subsection.6.20.2}% 138
\BOOKMARK [3][-]{subsubsection.6.20.2.3}{\376\377\0006\000.\0002\0000\000.\0002\000.\0003\000\040\000c\000h\000e\000c\000k\000M\000P\000U\0009\0002\0005\0000\000\137\000I\000D\000\050\000\051}{subsection.6.20.2}% 139
\BOOKMARK [3][-]{subsubsection.6.20.2.4}{\376\377\0006\000.\0002\0000\000.\0002\000.\0004\000\040\000E\000r\000r\000o\000r\000\137\000H\000a\000n\000d\000l\000e\000r\000\050\000\051}{subsection.6.20.2}% 140
\BOOKMARK [3][-]{subsubsection.6.20.2.5}{\376\377\0006\000.\0002\0000\000.\0002\000.\0005\000\040\000G\000y\000r\000C\000a\000l\000i\000b\000\050\000\051}{subsection.6.20.2}% 141
\BOOKMARK [3][-]{subsubsection.6.20.2.6}{\376\377\0006\000.\0002\0000\000.\0002\000.\0006\000\040\000G\000y\000r\000N\000o\000i\000s\000e\000\050\000\051}{subsection.6.20.2}% 142
\BOOKMARK [3][-]{subsubsection.6.20.2.7}{\376\377\0006\000.\0002\0000\000.\0002\000.\0007\000\040\000G\000y\000r\000o\000M\000e\000a\000s\000u\000r\000e\000M\000s\000g\000\050\000\051}{subsection.6.20.2}% 143
\BOOKMARK [3][-]{subsubsection.6.20.2.8}{\376\377\0006\000.\0002\0000\000.\0002\000.\0008\000\040\000I\000n\000i\000t\000S\000e\000n\000s\000o\000r\000s\000\050\000\051}{subsection.6.20.2}% 144
\BOOKMARK [3][-]{subsubsection.6.20.2.9}{\376\377\0006\000.\0002\0000\000.\0002\000.\0009\000\040\000M\000a\000g\000A\000c\000q\000u\000i\000r\000e\000S\000a\000m\000p\000l\000e\000s\000\050\000\051}{subsection.6.20.2}% 145
\BOOKMARK [3][-]{subsubsection.6.20.2.10}{\376\377\0006\000.\0002\0000\000.\0002\000.\0001\0000\000\040\000M\000a\000g\000C\000a\000l\000i\000b\000\050\000\051}{subsection.6.20.2}% 146
\BOOKMARK [3][-]{subsubsection.6.20.2.11}{\376\377\0006\000.\0002\0000\000.\0002\000.\0001\0001\000\040\000M\000a\000g\000C\000a\000l\000i\000b\000L\000i\000t\000e\000\050\000\051}{subsection.6.20.2}% 147
\BOOKMARK [3][-]{subsubsection.6.20.2.12}{\376\377\0006\000.\0002\0000\000.\0002\000.\0001\0002\000\040\000M\000a\000g\000C\000o\000m\000p\000u\000t\000e\000O\000f\000f\000s\000e\000t\000s\000\050\000\051}{subsection.6.20.2}% 148
\BOOKMARK [3][-]{subsubsection.6.20.2.13}{\376\377\0006\000.\0002\0000\000.\0002\000.\0001\0003\000\040\000M\000a\000g\000M\000e\000a\000s\000u\000r\000e\000M\000s\000g\000\050\000\051}{subsection.6.20.2}% 149
\BOOKMARK [3][-]{subsubsection.6.20.2.14}{\376\377\0006\000.\0002\0000\000.\0002\000.\0001\0004\000\040\000M\000a\000g\000M\000e\000a\000s\000u\000r\000e\000M\000s\000g\000C\000a\000l\000i\000b\000\050\000\051}{subsection.6.20.2}% 150
\BOOKMARK [3][-]{subsubsection.6.20.2.15}{\376\377\0006\000.\0002\0000\000.\0002\000.\0001\0005\000\040\000M\000a\000g\000P\000r\000i\000n\000t\000O\000f\000f\000s\000e\000t\000s\000\050\000\051}{subsection.6.20.2}% 151
\BOOKMARK [3][-]{subsubsection.6.20.2.16}{\376\377\0006\000.\0002\0000\000.\0002\000.\0001\0006\000\040\000R\000e\000a\000d\000A\000c\000c\000e\000l\000S\000e\000n\000s\000i\000t\000i\000v\000i\000t\000y\000\050\000\051}{subsection.6.20.2}% 152
\BOOKMARK [3][-]{subsubsection.6.20.2.17}{\376\377\0006\000.\0002\0000\000.\0002\000.\0001\0007\000\040\000R\000e\000a\000d\000G\000y\000r\000o\000\050\000\051}{subsection.6.20.2}% 153
\BOOKMARK [3][-]{subsubsection.6.20.2.18}{\376\377\0006\000.\0002\0000\000.\0002\000.\0001\0008\000\040\000R\000e\000a\000d\000G\000y\000r\000o\000S\000e\000n\000s\000i\000t\000i\000v\000i\000t\000y\000\050\000\051}{subsection.6.20.2}% 154
\BOOKMARK [3][-]{subsubsection.6.20.2.19}{\376\377\0006\000.\0002\0000\000.\0002\000.\0001\0009\000\040\000R\000e\000a\000d\000M\000a\000g\000\050\000\051}{subsection.6.20.2}% 155
\BOOKMARK [3][-]{subsubsection.6.20.2.20}{\376\377\0006\000.\0002\0000\000.\0002\000.\0002\0000\000\040\000R\000e\000a\000d\000M\000a\000g\000S\000e\000n\000s\000i\000t\000i\000v\000i\000t\000y\000\050\000\051}{subsection.6.20.2}% 156
\BOOKMARK [3][-]{subsubsection.6.20.2.21}{\376\377\0006\000.\0002\0000\000.\0002\000.\0002\0001\000\040\000R\000e\000a\000d\000O\000f\000f\000s\000e\000t\000G\000y\000r\000o\000\050\000\051}{subsection.6.20.2}% 157
\BOOKMARK [3][-]{subsubsection.6.20.2.22}{\376\377\0006\000.\0002\0000\000.\0002\000.\0002\0002\000\040\000T\000e\000m\000p\000M\000e\000a\000s\000u\000r\000e\000M\000s\000g\000\050\000\051}{subsection.6.20.2}% 158
\BOOKMARK [3][-]{subsubsection.6.20.2.23}{\376\377\0006\000.\0002\0000\000.\0002\000.\0002\0003\000\040\000T\000e\000s\000t\000A\000c\000c\000e\000l\000S\000e\000n\000s\000Z\000\050\000\051}{subsection.6.20.2}% 159
\BOOKMARK [3][-]{subsubsection.6.20.2.24}{\376\377\0006\000.\0002\0000\000.\0002\000.\0002\0004\000\040\000T\000e\000s\000t\000G\000y\000r\000o\000N\000o\000i\000s\000e\000\050\000\051}{subsection.6.20.2}% 160
\BOOKMARK [3][-]{subsubsection.6.20.2.25}{\376\377\0006\000.\0002\0000\000.\0002\000.\0002\0005\000\040\000V\000a\000r\000i\000a\000n\000c\000e\000\050\000\051}{subsection.6.20.2}% 161
\BOOKMARK [1][-]{section.6.21}{\376\377\0006\000.\0002\0001\000\040\000U\000t\000i\000l\000s\000/\000S\000r\000c\000/\000t\000o\000o\000l\000s\000.\000c\000\040\000F\000i\000l\000e\000\040\000R\000e\000f\000e\000r\000e\000n\000c\000e}{chapter.6}% 162
\BOOKMARK [2][-]{subsection.6.21.1}{\376\377\0006\000.\0002\0001\000.\0001\000\040\000D\000e\000t\000a\000i\000l\000e\000d\000\040\000D\000e\000s\000c\000r\000i\000p\000t\000i\000o\000n}{section.6.21}% 163
\BOOKMARK [2][-]{subsection.6.21.2}{\376\377\0006\000.\0002\0001\000.\0002\000\040\000F\000u\000n\000c\000t\000i\000o\000n\000\040\000D\000o\000c\000u\000m\000e\000n\000t\000a\000t\000i\000o\000n}{section.6.21}% 164
\BOOKMARK [3][-]{subsubsection.6.21.2.1}{\376\377\0006\000.\0002\0001\000.\0002\000.\0001\000\040\000I\0002\000C\000\137\000s\000c\000a\000n\000\050\000\051}{subsection.6.21.2}% 165
\BOOKMARK [3][-]{subsubsection.6.21.2.2}{\376\377\0006\000.\0002\0001\000.\0002\000.\0002\000\040\000S\000a\000v\000e\000M\000a\000g\000T\000o\000C\000S\000V\000\050\000\051}{subsection.6.21.2}% 166
\BOOKMARK [3][-]{subsubsection.6.21.2.3}{\376\377\0006\000.\0002\0001\000.\0002\000.\0003\000\040\000t\000e\000s\000t\000\137\000L\000E\000D\000\050\000\051}{subsection.6.21.2}% 167
